// Jest Snapshot v1, https://goo.gl/fbAQLP

exports[`TodosFilter - test render should match snapshot 1`] = `
<DocumentFragment>
  <div
    class="todos-filter"
  >
    <button
      aria-label="All todos"
      class="todos-filter__action todos-filter__action--is-active"
      disabled=""
    >
      All
    </button>
    <button
      aria-label="Open todos"
      class="todos-filter__action"
    >
      Open
    </button>
    <button
      aria-label="Done todos"
      class="todos-filter__action"
    >
      Done
    </button>
  </div>
</DocumentFragment>
`;
