// Jest Snapshot v1, https://goo.gl/fbAQLP

exports[`AppHeaderBar - test render should match snapshot 1`] = `
<DocumentFragment>
  <header
    class="app-header-bar grid-container"
  >
    <div
      class="app-header-bar__content"
    >
      <span
        aria-label="Active todo count"
        class="app-header-bar__content__todo-count"
      >
        0
      </span>
      <div
        class="app-header-bar__content__todo-filters"
      >
        <button
          aria-label="All todos"
          class="app-header-bar__content__todo-filters__action  app-header-bar__content__todo-filters__action--is-active"
          disabled=""
        >
          All
        </button>
        <button
          aria-label="Open todos"
          class="app-header-bar__content__todo-filters__action "
        >
          Open
        </button>
        <button
          aria-label="Done todos"
          class="app-header-bar__content__todo-filters__action "
        >
          Done
        </button>
      </div>
    </div>
  </header>
</DocumentFragment>
`;
